// Jest Snapshot v1, https://goo.gl/fbAQLP

exports[`Input Если есть helperText, то строка должна отобразиться в DOM 1`] = `
<div
  data-test-id="helperText"
  title="helperText"
>
  <span>
    helperText
  </span>
</div>
`;

exports[`Input Если есть label, то строка должна отобразиться в DOM 1`] = `
<input
  autocomplete="off"
  class=""
  data-test-id="input"
  id="input"
  value="value"
/>
`;

exports[`Input Снимок input-a 1`] = `
<input
  autocomplete="off"
  class=""
  data-test-id="input"
  id="input"
  value="value"
/>
`;
